// Jest Snapshot v1, https://goo.gl/fbAQLP

exports[`<Form /> renders the <Form /> with an error 1`] = `
<div
  class="form__Container-sc-1rpv01m-0 cozFOx"
>
  <div
    class="form__Error-sc-1rpv01m-1 iHdzMW"
  >
    Your email address is already being used
  </div>
  <button
    class="form__Submit-sc-1rpv01m-8 iNNunO"
    type="submit"
  >
    Sign In
  </button>
</div>
`;

exports[`<Form /> renders the <Form /> with populated data 1`] = `
<div
  class="form__Container-sc-1rpv01m-0 cozFOx"
>
  <h1
    class="form__Title-sc-1rpv01m-3 lavzan"
  >
    Sign In Now
  </h1>
  <form
    class="form__Base-sc-1rpv01m-2 fxjUHI"
  >
    <input
      class="form__Input-sc-1rpv01m-7 jCZxkb"
      placeholder="Email address"
    />
    <input
      class="form__Input-sc-1rpv01m-7 jCZxkb"
      placeholder="Password"
      type="password"
    />
    <button
      class="form__Submit-sc-1rpv01m-8 iNNunO"
      disabled=""
      type="submit"
    >
      Sign In
    </button>
  </form>
  <p
    class="form__Text-sc-1rpv01m-4 gHjhDy"
  >
    New to Netflix? 
  </p>
  <p
    class="form__TextSmall-sc-1rpv01m-5 iATjDO"
  >
    This page is protected by Google reCAPTCHA to ensure you're not a bot. Learn more.
  </p>
</div>
`;
