// Jest Snapshot v1, https://goo.gl/fbAQLP

exports[`<Loading /> renders the <Loading /> 1`] = `
<div
  class="loading__Spinner-po5gpx-0 httoqx"
  data-testid="loading"
>
  <img
    class="loading__Picture-po5gpx-1 hHbyCk"
    data-testid="loading-picture"
    src="/images/users//images/karl.png.png"
  />
</div>
`;

exports[`<Loading /> renders the <Loading.ReleaseBody /> 1`] = `null`;
